// Vitest Snapshot v1, https://vitest.dev/guide/snapshot.html

exports[`GET /api/dtpr/v1/categories/:datachain_type > ai categories > structural fingerprint matches snapshot 1`] = `
[
  {
    "context_value_ids": [],
    "has_context": false,
    "id": "ai__accountable",
    "locales": [
      "en",
      "es",
      "fr",
      "km",
      "pt",
      "tl",
    ],
    "order": 1,
    "required": true,
    "schema": {
      "id": "dtpr_category",
      "name": "DTPR Category",
      "namespace": "https://dtpr.io/schemas/category/v0.2",
      "version": "0.2",
    },
    "variable_ids": [
      "description",
      "title",
    ],
  },
  {
    "context_value_ids": [],
    "has_context": false,
    "id": "ai__purpose",
    "locales": [
      "en",
      "es",
      "fr",
      "km",
      "pt",
      "tl",
    ],
    "order": 2,
    "required": true,
    "schema": {
      "id": "dtpr_category",
      "name": "DTPR Category",
      "namespace": "https://dtpr.io/schemas/category/v0.2",
      "version": "0.2",
    },
    "variable_ids": [
      "additional_description",
    ],
  },
  {
    "context_value_ids": [
      "ai_decides_human_executes",
      "ai_flags_human_decides",
      "ai_only",
    ],
    "has_context": true,
    "id": "ai__decision",
    "locales": [
      "en",
      "es",
      "fr",
      "km",
      "pt",
      "tl",
    ],
    "order": 3,
    "required": true,
    "schema": {
      "id": "dtpr_category",
      "name": "DTPR Category",
      "namespace": "https://dtpr.io/schemas/category/v0.2",
      "version": "0.2",
    },
    "variable_ids": [
      "additional_description",
    ],
  },
  {
    "context_value_ids": [],
    "has_context": false,
    "id": "ai__input_dataset",
    "locales": [
      "en",
      "es",
      "fr",
      "km",
      "pt",
      "tl",
    ],
    "order": 4,
    "required": false,
    "schema": {
      "id": "dtpr_category",
      "name": "DTPR Category",
      "namespace": "https://dtpr.io/schemas/category/v0.2",
      "version": "0.2",
    },
    "variable_ids": [
      "additional_description",
    ],
  },
  {
    "context_value_ids": [],
    "has_context": false,
    "id": "ai__processing",
    "locales": [
      "en",
      "es",
      "fr",
      "km",
      "pt",
      "tl",
    ],
    "order": 5,
    "required": false,
    "schema": {
      "id": "dtpr_category",
      "name": "DTPR Category",
      "namespace": "https://dtpr.io/schemas/category/v0.2",
      "version": "0.2",
    },
    "variable_ids": [
      "additional_description",
    ],
  },
  {
    "context_value_ids": [],
    "has_context": false,
    "id": "ai__output_dataset",
    "locales": [
      "en",
      "es",
      "fr",
      "km",
      "pt",
      "tl",
    ],
    "order": 6,
    "required": false,
    "schema": {
      "id": "dtpr_category",
      "name": "DTPR Category",
      "namespace": "https://dtpr.io/schemas/category/v0.2",
      "version": "0.2",
    },
    "variable_ids": [
      "additional_description",
    ],
  },
  {
    "context_value_ids": [],
    "has_context": false,
    "id": "ai__access",
    "locales": [
      "en",
      "es",
      "fr",
      "km",
      "pt",
      "tl",
    ],
    "order": 7,
    "required": false,
    "schema": {
      "id": "dtpr_category",
      "name": "DTPR Category",
      "namespace": "https://dtpr.io/schemas/category/v0.2",
      "version": "0.2",
    },
    "variable_ids": [
      "additional_description",
    ],
  },
  {
    "context_value_ids": [],
    "has_context": false,
    "id": "ai__retention",
    "locales": [
      "en",
      "es",
      "fr",
      "km",
      "pt",
      "tl",
    ],
    "order": 8,
    "required": false,
    "schema": {
      "id": "dtpr_category",
      "name": "DTPR Category",
      "namespace": "https://dtpr.io/schemas/category/v0.2",
      "version": "0.2",
    },
    "variable_ids": [
      "additional_description",
      "duration",
    ],
  },
  {
    "context_value_ids": [],
    "has_context": false,
    "id": "ai__storage",
    "locales": [
      "en",
      "es",
      "fr",
      "km",
      "pt",
      "tl",
    ],
    "order": 9,
    "required": false,
    "schema": {
      "id": "dtpr_category",
      "name": "DTPR Category",
      "namespace": "https://dtpr.io/schemas/category/v0.2",
      "version": "0.2",
    },
    "variable_ids": [
      "additional_description",
      "duration",
    ],
  },
  {
    "context_value_ids": [],
    "has_context": false,
    "id": "ai__risks_mitigation",
    "locales": [
      "en",
      "es",
      "fr",
      "km",
      "pt",
      "tl",
    ],
    "order": 10,
    "required": false,
    "schema": {
      "id": "dtpr_category",
      "name": "DTPR Category",
      "namespace": "https://dtpr.io/schemas/category/v0.2",
      "version": "0.2",
    },
    "variable_ids": [
      "mitigation",
    ],
  },
  {
    "context_value_ids": [],
    "has_context": false,
    "id": "ai__rights",
    "locales": [
      "en",
      "es",
      "fr",
      "km",
      "pt",
      "tl",
    ],
    "order": 11,
    "required": false,
    "schema": {
      "id": "dtpr_category",
      "name": "DTPR Category",
      "namespace": "https://dtpr.io/schemas/category/v0.2",
      "version": "0.2",
    },
    "variable_ids": [
      "rights",
    ],
  },
]
`;

exports[`GET /api/dtpr/v1/categories/:datachain_type > device categories > structural fingerprint matches snapshot 1`] = `
[
  {
    "context_value_ids": [],
    "has_context": false,
    "id": "device__access",
    "locales": [
      "en",
      "es",
      "fr",
      "km",
      "pt",
      "tl",
    ],
    "order": null,
    "required": false,
    "schema": {
      "id": "dtpr_category",
      "name": "DTPR Category",
      "namespace": "https://dtpr.io/schemas/category/v0.2",
      "version": "0.2",
    },
    "variable_ids": [],
  },
  {
    "context_value_ids": [],
    "has_context": false,
    "id": "device__accountable",
    "locales": [
      "en",
      "es",
      "fr",
      "km",
      "pt",
      "tl",
    ],
    "order": null,
    "required": false,
    "schema": {
      "id": "dtpr_category",
      "name": "DTPR Category",
      "namespace": "https://dtpr.io/schemas/category/v0.2",
      "version": "0.2",
    },
    "variable_ids": [],
  },
  {
    "context_value_ids": [],
    "has_context": false,
    "id": "device__data",
    "locales": [
      "en",
      "es",
      "fr",
      "km",
      "pt",
      "tl",
    ],
    "order": null,
    "required": false,
    "schema": {
      "id": "dtpr_category",
      "name": "DTPR Category",
      "namespace": "https://dtpr.io/schemas/category/v0.2",
      "version": "0.2",
    },
    "variable_ids": [],
  },
  {
    "context_value_ids": [],
    "has_context": false,
    "id": "device__process",
    "locales": [
      "en",
      "es",
      "fr",
      "km",
      "pt",
      "tl",
    ],
    "order": null,
    "required": false,
    "schema": {
      "id": "dtpr_category",
      "name": "DTPR Category",
      "namespace": "https://dtpr.io/schemas/category/v0.2",
      "version": "0.2",
    },
    "variable_ids": [],
  },
  {
    "context_value_ids": [],
    "has_context": false,
    "id": "device__purpose",
    "locales": [
      "en",
      "es",
      "fr",
      "km",
      "pt",
      "tl",
    ],
    "order": null,
    "required": false,
    "schema": {
      "id": "dtpr_category",
      "name": "DTPR Category",
      "namespace": "https://dtpr.io/schemas/category/v0.2",
      "version": "0.2",
    },
    "variable_ids": [],
  },
  {
    "context_value_ids": [],
    "has_context": false,
    "id": "device__retention",
    "locales": [
      "en",
      "es",
      "fr",
      "km",
      "pt",
      "tl",
    ],
    "order": null,
    "required": false,
    "schema": {
      "id": "dtpr_category",
      "name": "DTPR Category",
      "namespace": "https://dtpr.io/schemas/category/v0.2",
      "version": "0.2",
    },
    "variable_ids": [],
  },
  {
    "context_value_ids": [],
    "has_context": false,
    "id": "device__storage",
    "locales": [
      "en",
      "es",
      "fr",
      "km",
      "pt",
      "tl",
    ],
    "order": null,
    "required": false,
    "schema": {
      "id": "dtpr_category",
      "name": "DTPR Category",
      "namespace": "https://dtpr.io/schemas/category/v0.2",
      "version": "0.2",
    },
    "variable_ids": [],
  },
  {
    "context_value_ids": [],
    "has_context": false,
    "id": "device__tech",
    "locales": [
      "en",
      "es",
      "fr",
      "km",
      "pt",
      "tl",
    ],
    "order": null,
    "required": false,
    "schema": {
      "id": "dtpr_category",
      "name": "DTPR Category",
      "namespace": "https://dtpr.io/schemas/category/v0.2",
      "version": "0.2",
    },
    "variable_ids": [],
  },
]
`;
