// Vitest Snapshot v1, https://vitest.dev/guide/snapshot.html

exports[`GET /api/dtpr/v1/elements/:datachain_type > ai elements > structural fingerprint matches snapshot 1`] = `
[
  {
    "category_ids": [
      "ai__decision",
    ],
    "context_type_id": "ai_only",
    "id": "accept_deny",
    "locales": [
      "en",
      "es",
      "fr",
      "km",
      "pt",
      "tl",
    ],
    "schema": {
      "id": "dtpr_element",
      "name": "DTPR Element",
      "namespace": "https://dtpr.io/schemas/element/v0.2",
      "version": "0.2",
    },
    "variable_ids": [
      "additional_description",
    ],
  },
  {
    "category_ids": [
      "ai__purpose",
      "device__purpose",
    ],
    "context_type_id": null,
    "id": "accessibility",
    "locales": [
      "en",
      "es",
      "fr",
      "km",
      "pt",
      "tl",
    ],
    "schema": {
      "id": "dtpr_element",
      "name": "DTPR Element",
      "namespace": "https://dtpr.io/schemas/element/v0.2",
      "version": "0.2",
    },
    "variable_ids": [
      "additional_description",
    ],
  },
  {
    "category_ids": [
      "ai__purpose",
      "device__purpose",
    ],
    "context_type_id": null,
    "id": "agency_interaction",
    "locales": [
      "en",
      "es",
      "fr",
      "km",
      "pt",
      "tl",
    ],
    "schema": {
      "id": "dtpr_element",
      "name": "DTPR Element",
      "namespace": "https://dtpr.io/schemas/element/v0.2",
      "version": "0.2",
    },
    "variable_ids": [
      "additional_description",
    ],
  },
  {
    "category_ids": [
      "ai__decision",
    ],
    "context_type_id": "ai_flags_human_decides",
    "id": "anomaly_detection",
    "locales": [
      "en",
      "es",
      "fr",
      "km",
      "pt",
      "tl",
    ],
    "schema": {
      "id": "dtpr_element",
      "name": "DTPR Element",
      "namespace": "https://dtpr.io/schemas/element/v0.2",
      "version": "0.2",
    },
    "variable_ids": [
      "additional_description",
    ],
  },
  {
    "category_ids": [
      "ai__purpose",
      "device__purpose",
    ],
    "context_type_id": null,
    "id": "arts_culture",
    "locales": [
      "en",
      "es",
      "fr",
      "km",
      "pt",
      "tl",
    ],
    "schema": {
      "id": "dtpr_element",
      "name": "DTPR Element",
      "namespace": "https://dtpr.io/schemas/element/v0.2",
      "version": "0.2",
    },
    "variable_ids": [
      "additional_description",
    ],
  },
  {
    "category_ids": [
      "ai__access",
      "device__access",
    ],
    "context_type_id": null,
    "id": "available_for_resale",
    "locales": [
      "en",
      "es",
      "fr",
      "km",
      "pt",
      "tl",
    ],
    "schema": {
      "id": "dtpr_element",
      "name": "DTPR Element",
      "namespace": "https://dtpr.io/schemas/element/v0.2",
      "version": "0.2",
    },
    "variable_ids": [
      "additional_description",
    ],
  },
  {
    "category_ids": [
      "ai__access",
      "device__access",
    ],
    "context_type_id": null,
    "id": "available_to_3rd_parties",
    "locales": [
      "en",
      "es",
      "fr",
      "km",
      "pt",
      "tl",
    ],
    "schema": {
      "id": "dtpr_element",
      "name": "DTPR Element",
      "namespace": "https://dtpr.io/schemas/element/v0.2",
      "version": "0.2",
    },
    "variable_ids": [
      "additional_description",
    ],
  },
  {
    "category_ids": [
      "ai__access",
      "device__access",
    ],
    "context_type_id": null,
    "id": "available_to_download",
    "locales": [
      "en",
      "es",
      "fr",
      "km",
      "pt",
      "tl",
    ],
    "schema": {
      "id": "dtpr_element",
      "name": "DTPR Element",
      "namespace": "https://dtpr.io/schemas/element/v0.2",
      "version": "0.2",
    },
    "variable_ids": [
      "additional_description",
    ],
  },
  {
    "category_ids": [
      "ai__access",
      "device__access",
    ],
    "context_type_id": null,
    "id": "available_to_me",
    "locales": [
      "en",
      "es",
      "fr",
      "km",
      "pt",
      "tl",
    ],
    "schema": {
      "id": "dtpr_element",
      "name": "DTPR Element",
      "namespace": "https://dtpr.io/schemas/element/v0.2",
      "version": "0.2",
    },
    "variable_ids": [
      "additional_description",
    ],
  },
  {
    "category_ids": [
      "ai__access",
      "device__access",
    ],
    "context_type_id": null,
    "id": "available_to_the_accountable_organization",
    "locales": [
      "en",
      "es",
      "fr",
      "km",
      "pt",
      "tl",
    ],
    "schema": {
      "id": "dtpr_element",
      "name": "DTPR Element",
      "namespace": "https://dtpr.io/schemas/element/v0.2",
      "version": "0.2",
    },
    "variable_ids": [
      "additional_description",
    ],
  },
  {
    "category_ids": [
      "ai__access",
      "device__access",
    ],
    "context_type_id": null,
    "id": "available_to_vendor",
    "locales": [
      "en",
      "es",
      "fr",
      "km",
      "pt",
      "tl",
    ],
    "schema": {
      "id": "dtpr_element",
      "name": "DTPR Element",
      "namespace": "https://dtpr.io/schemas/element/v0.2",
      "version": "0.2",
    },
    "variable_ids": [
      "additional_description",
    ],
  },
  {
    "category_ids": [
      "ai__storage",
      "device__storage",
    ],
    "context_type_id": null,
    "id": "backed_up_internationally",
    "locales": [
      "en",
      "es",
      "fr",
      "km",
      "pt",
      "tl",
    ],
    "schema": {
      "id": "dtpr_element",
      "name": "DTPR Element",
      "namespace": "https://dtpr.io/schemas/element/v0.2",
      "version": "0.2",
    },
    "variable_ids": [
      "additional_description",
      "duration",
    ],
  },
  {
    "category_ids": [
      "ai__storage",
      "device__storage",
    ],
    "context_type_id": null,
    "id": "backed_up_locally",
    "locales": [
      "en",
      "es",
      "fr",
      "km",
      "pt",
      "tl",
    ],
    "schema": {
      "id": "dtpr_element",
      "name": "DTPR Element",
      "namespace": "https://dtpr.io/schemas/element/v0.2",
      "version": "0.2",
    },
    "variable_ids": [
      "additional_description",
      "duration",
    ],
  },
  {
    "category_ids": [
      "ai__input_dataset",
      "ai__output_dataset",
      "device__data",
    ],
    "context_type_id": null,
    "id": "binary",
    "locales": [
      "en",
      "es",
      "fr",
      "km",
      "pt",
      "tl",
    ],
    "schema": {
      "id": "dtpr_element",
      "name": "DTPR Element",
      "namespace": "https://dtpr.io/schemas/element/v0.2",
      "version": "0.2",
    },
    "variable_ids": [
      "additional_description",
    ],
  },
  {
    "category_ids": [
      "ai__input_dataset",
      "ai__output_dataset",
      "device__data",
    ],
    "context_type_id": null,
    "id": "boolean",
    "locales": [
      "en",
      "es",
      "fr",
      "km",
      "pt",
      "tl",
    ],
    "schema": {
      "id": "dtpr_element",
      "name": "DTPR Element",
      "namespace": "https://dtpr.io/schemas/element/v0.2",
      "version": "0.2",
    },
    "variable_ids": [
      "additional_description",
    ],
  },
  {
    "category_ids": [
      "ai__purpose",
      "device__purpose",
    ],
    "context_type_id": null,
    "id": "commerce",
    "locales": [
      "en",
      "es",
      "fr",
      "km",
      "pt",
      "tl",
    ],
    "schema": {
      "id": "dtpr_element",
      "name": "DTPR Element",
      "namespace": "https://dtpr.io/schemas/element/v0.2",
      "version": "0.2",
    },
    "variable_ids": [
      "additional_description",
    ],
  },
  {
    "category_ids": [
      "ai__risks_mitigation",
    ],
    "context_type_id": null,
    "id": "compromise_of_privacy",
    "locales": [
      "en",
      "es",
      "fr",
      "km",
      "pt",
      "tl",
    ],
    "schema": {
      "id": "dtpr_element",
      "name": "DTPR Element",
      "namespace": "https://dtpr.io/schemas/element/v0.2",
      "version": "0.2",
    },
    "variable_ids": [
      "mitigation",
    ],
  },
  {
    "category_ids": [
      "ai__purpose",
      "device__purpose",
    ],
    "context_type_id": null,
    "id": "connectivity",
    "locales": [
      "en",
      "es",
      "fr",
      "km",
      "pt",
      "tl",
    ],
    "schema": {
      "id": "dtpr_element",
      "name": "DTPR Element",
      "namespace": "https://dtpr.io/schemas/element/v0.2",
      "version": "0.2",
    },
    "variable_ids": [
      "additional_description",
    ],
  },
  {
    "category_ids": [
      "ai__retention",
      "device__retention",
    ],
    "context_type_id": null,
    "id": "data_retained",
    "locales": [
      "en",
      "es",
      "fr",
      "km",
      "pt",
      "tl",
    ],
    "schema": {
      "id": "dtpr_element",
      "name": "DTPR Element",
      "namespace": "https://dtpr.io/schemas/element/v0.2",
      "version": "0.2",
    },
    "variable_ids": [
      "additional_description",
      "duration",
    ],
  },
  {
    "category_ids": [
      "ai__purpose",
      "device__purpose",
    ],
    "context_type_id": null,
    "id": "dining",
    "locales": [
      "en",
      "es",
      "fr",
      "km",
      "pt",
      "tl",
    ],
    "schema": {
      "id": "dtpr_element",
      "name": "DTPR Element",
      "namespace": "https://dtpr.io/schemas/element/v0.2",
      "version": "0.2",
    },
    "variable_ids": [
      "additional_description",
    ],
  },
  {
    "category_ids": [
      "ai__purpose",
      "device__purpose",
    ],
    "context_type_id": null,
    "id": "ecology",
    "locales": [
      "en",
      "es",
      "fr",
      "km",
      "pt",
      "tl",
    ],
    "schema": {
      "id": "dtpr_element",
      "name": "DTPR Element",
      "namespace": "https://dtpr.io/schemas/element/v0.2",
      "version": "0.2",
    },
    "variable_ids": [
      "additional_description",
    ],
  },
  {
    "category_ids": [
      "ai__purpose",
      "device__purpose",
    ],
    "context_type_id": null,
    "id": "energy_efficiency",
    "locales": [
      "en",
      "es",
      "fr",
      "km",
      "pt",
      "tl",
    ],
    "schema": {
      "id": "dtpr_element",
      "name": "DTPR Element",
      "namespace": "https://dtpr.io/schemas/element/v0.2",
      "version": "0.2",
    },
    "variable_ids": [
      "additional_description",
    ],
  },
  {
    "category_ids": [
      "ai__purpose",
      "device__purpose",
    ],
    "context_type_id": null,
    "id": "enforcement",
    "locales": [
      "en",
      "es",
      "fr",
      "km",
      "pt",
      "tl",
    ],
    "schema": {
      "id": "dtpr_element",
      "name": "DTPR Element",
      "namespace": "https://dtpr.io/schemas/element/v0.2",
      "version": "0.2",
    },
    "variable_ids": [
      "additional_description",
    ],
  },
  {
    "category_ids": [
      "ai__purpose",
      "device__purpose",
    ],
    "context_type_id": null,
    "id": "entry",
    "locales": [
      "en",
      "es",
      "fr",
      "km",
      "pt",
      "tl",
    ],
    "schema": {
      "id": "dtpr_element",
      "name": "DTPR Element",
      "namespace": "https://dtpr.io/schemas/element/v0.2",
      "version": "0.2",
    },
    "variable_ids": [
      "additional_description",
    ],
  },
  {
    "category_ids": [
      "ai__purpose",
      "device__purpose",
    ],
    "context_type_id": null,
    "id": "fire_emergency",
    "locales": [
      "en",
      "es",
      "fr",
      "km",
      "pt",
      "tl",
    ],
    "schema": {
      "id": "dtpr_element",
      "name": "DTPR Element",
      "namespace": "https://dtpr.io/schemas/element/v0.2",
      "version": "0.2",
    },
    "variable_ids": [
      "additional_description",
    ],
  },
  {
    "category_ids": [
      "ai__risks_mitigation",
    ],
    "context_type_id": null,
    "id": "function_creep",
    "locales": [
      "en",
      "es",
      "fr",
      "km",
      "pt",
      "tl",
    ],
    "schema": {
      "id": "dtpr_element",
      "name": "DTPR Element",
      "namespace": "https://dtpr.io/schemas/element/v0.2",
      "version": "0.2",
    },
    "variable_ids": [
      "mitigation",
    ],
  },
  {
    "category_ids": [
      "ai__purpose",
      "device__purpose",
    ],
    "context_type_id": null,
    "id": "health",
    "locales": [
      "en",
      "es",
      "fr",
      "km",
      "pt",
      "tl",
    ],
    "schema": {
      "id": "dtpr_element",
      "name": "DTPR Element",
      "namespace": "https://dtpr.io/schemas/element/v0.2",
      "version": "0.2",
    },
    "variable_ids": [
      "additional_description",
    ],
  },
  {
    "category_ids": [
      "ai__purpose",
      "device__purpose",
    ],
    "context_type_id": null,
    "id": "inform",
    "locales": [
      "en",
      "es",
      "fr",
      "km",
      "pt",
      "tl",
    ],
    "schema": {
      "id": "dtpr_element",
      "name": "DTPR Element",
      "namespace": "https://dtpr.io/schemas/element/v0.2",
      "version": "0.2",
    },
    "variable_ids": [
      "additional_description",
    ],
  },
  {
    "category_ids": [
      "ai__accountable",
      "device__accountable",
    ],
    "context_type_id": null,
    "id": "institution",
    "locales": [
      "en",
      "es",
      "fr",
      "km",
      "pt",
      "tl",
    ],
    "schema": {
      "id": "dtpr_element",
      "name": "DTPR Element",
      "namespace": "https://dtpr.io/schemas/element/v0.2",
      "version": "0.2",
    },
    "variable_ids": [
      "description",
      "title",
    ],
  },
  {
    "category_ids": [
      "ai__processing",
    ],
    "context_type_id": null,
    "id": "llm",
    "locales": [
      "en",
      "es",
      "fr",
      "km",
      "pt",
      "tl",
    ],
    "schema": {
      "id": "dtpr_element",
      "name": "DTPR Element",
      "namespace": "https://dtpr.io/schemas/element/v0.2",
      "version": "0.2",
    },
    "variable_ids": [
      "additional_description",
    ],
  },
  {
    "category_ids": [
      "ai__purpose",
      "device__purpose",
    ],
    "context_type_id": null,
    "id": "logistics",
    "locales": [
      "en",
      "es",
      "fr",
      "km",
      "pt",
      "tl",
    ],
    "schema": {
      "id": "dtpr_element",
      "name": "DTPR Element",
      "namespace": "https://dtpr.io/schemas/element/v0.2",
      "version": "0.2",
    },
    "variable_ids": [
      "additional_description",
    ],
  },
  {
    "category_ids": [
      "ai__decision",
    ],
    "context_type_id": "ai_decides_human_executes",
    "id": "matching",
    "locales": [
      "en",
      "es",
      "fr",
      "km",
      "pt",
      "tl",
    ],
    "schema": {
      "id": "dtpr_element",
      "name": "DTPR Element",
      "namespace": "https://dtpr.io/schemas/element/v0.2",
      "version": "0.2",
    },
    "variable_ids": [
      "additional_description",
    ],
  },
  {
    "category_ids": [
      "ai__purpose",
      "device__purpose",
    ],
    "context_type_id": null,
    "id": "mobility",
    "locales": [
      "en",
      "es",
      "fr",
      "km",
      "pt",
      "tl",
    ],
    "schema": {
      "id": "dtpr_element",
      "name": "DTPR Element",
      "namespace": "https://dtpr.io/schemas/element/v0.2",
      "version": "0.2",
    },
    "variable_ids": [
      "additional_description",
    ],
  },
  {
    "category_ids": [
      "ai__retention",
      "device__retention",
    ],
    "context_type_id": null,
    "id": "no_data_retained",
    "locales": [
      "en",
      "es",
      "fr",
      "km",
      "pt",
      "tl",
    ],
    "schema": {
      "id": "dtpr_element",
      "name": "DTPR Element",
      "namespace": "https://dtpr.io/schemas/element/v0.2",
      "version": "0.2",
    },
    "variable_ids": [
      "additional_description",
      "duration",
    ],
  },
  {
    "category_ids": [
      "ai__access",
      "device__access",
    ],
    "context_type_id": null,
    "id": "not_available_to_me",
    "locales": [
      "en",
      "es",
      "fr",
      "km",
      "pt",
      "tl",
    ],
    "schema": {
      "id": "dtpr_element",
      "name": "DTPR Element",
      "namespace": "https://dtpr.io/schemas/element/v0.2",
      "version": "0.2",
    },
    "variable_ids": [
      "additional_description",
    ],
  },
  {
    "category_ids": [
      "ai__access",
      "device__access",
    ],
    "context_type_id": null,
    "id": "not_available_to_the_accountable_organization",
    "locales": [
      "en",
      "es",
      "fr",
      "km",
      "pt",
      "tl",
    ],
    "schema": {
      "id": "dtpr_element",
      "name": "DTPR Element",
      "namespace": "https://dtpr.io/schemas/element/v0.2",
      "version": "0.2",
    },
    "variable_ids": [
      "additional_description",
    ],
  },
  {
    "category_ids": [
      "ai__access",
      "device__access",
    ],
    "context_type_id": null,
    "id": "not_available_to_vendor",
    "locales": [
      "en",
      "es",
      "fr",
      "km",
      "pt",
      "tl",
    ],
    "schema": {
      "id": "dtpr_element",
      "name": "DTPR Element",
      "namespace": "https://dtpr.io/schemas/element/v0.2",
      "version": "0.2",
    },
    "variable_ids": [
      "additional_description",
    ],
  },
  {
    "category_ids": [
      "ai__risks_mitigation",
    ],
    "context_type_id": null,
    "id": "opaque_decision_making",
    "locales": [
      "en",
      "es",
      "fr",
      "km",
      "pt",
      "tl",
    ],
    "schema": {
      "id": "dtpr_element",
      "name": "DTPR Element",
      "namespace": "https://dtpr.io/schemas/element/v0.2",
      "version": "0.2",
    },
    "variable_ids": [
      "mitigation",
    ],
  },
  {
    "category_ids": [
      "ai__processing",
    ],
    "context_type_id": null,
    "id": "optimization",
    "locales": [
      "en",
      "es",
      "fr",
      "km",
      "pt",
      "tl",
    ],
    "schema": {
      "id": "dtpr_element",
      "name": "DTPR Element",
      "namespace": "https://dtpr.io/schemas/element/v0.2",
      "version": "0.2",
    },
    "variable_ids": [
      "additional_description",
    ],
  },
  {
    "category_ids": [
      "ai__accountable",
      "device__accountable",
    ],
    "context_type_id": null,
    "id": "organization",
    "locales": [
      "en",
      "es",
      "fr",
      "km",
      "pt",
      "tl",
    ],
    "schema": {
      "id": "dtpr_element",
      "name": "DTPR Element",
      "namespace": "https://dtpr.io/schemas/element/v0.2",
      "version": "0.2",
    },
    "variable_ids": [
      "description",
      "title",
    ],
  },
  {
    "category_ids": [
      "ai__risks_mitigation",
    ],
    "context_type_id": null,
    "id": "overreliance_automation_bias",
    "locales": [
      "en",
      "es",
      "fr",
      "km",
      "pt",
      "tl",
    ],
    "schema": {
      "id": "dtpr_element",
      "name": "DTPR Element",
      "namespace": "https://dtpr.io/schemas/element/v0.2",
      "version": "0.2",
    },
    "variable_ids": [
      "mitigation",
    ],
  },
  {
    "category_ids": [
      "ai__input_dataset",
      "ai__output_dataset",
      "device__data",
    ],
    "context_type_id": null,
    "id": "personal",
    "locales": [
      "en",
      "es",
      "fr",
      "km",
      "pt",
      "tl",
    ],
    "schema": {
      "id": "dtpr_element",
      "name": "DTPR Element",
      "namespace": "https://dtpr.io/schemas/element/v0.2",
      "version": "0.2",
    },
    "variable_ids": [
      "additional_description",
    ],
  },
  {
    "category_ids": [
      "ai__decision",
    ],
    "context_type_id": "ai_only",
    "id": "personalization",
    "locales": [
      "en",
      "es",
      "fr",
      "km",
      "pt",
      "tl",
    ],
    "schema": {
      "id": "dtpr_element",
      "name": "DTPR Element",
      "namespace": "https://dtpr.io/schemas/element/v0.2",
      "version": "0.2",
    },
    "variable_ids": [
      "additional_description",
    ],
  },
  {
    "category_ids": [
      "ai__input_dataset",
      "ai__output_dataset",
      "device__data",
    ],
    "context_type_id": null,
    "id": "pixel_based_image",
    "locales": [
      "en",
      "es",
      "fr",
      "km",
      "pt",
      "tl",
    ],
    "schema": {
      "id": "dtpr_element",
      "name": "DTPR Element",
      "namespace": "https://dtpr.io/schemas/element/v0.2",
      "version": "0.2",
    },
    "variable_ids": [
      "additional_description",
    ],
  },
  {
    "category_ids": [
      "ai__purpose",
      "device__purpose",
    ],
    "context_type_id": null,
    "id": "planning_decision_making",
    "locales": [
      "en",
      "es",
      "fr",
      "km",
      "pt",
      "tl",
    ],
    "schema": {
      "id": "dtpr_element",
      "name": "DTPR Element",
      "namespace": "https://dtpr.io/schemas/element/v0.2",
      "version": "0.2",
    },
    "variable_ids": [
      "additional_description",
    ],
  },
  {
    "category_ids": [
      "ai__decision",
    ],
    "context_type_id": "ai_flags_human_decides",
    "id": "priority_ranking",
    "locales": [
      "en",
      "es",
      "fr",
      "km",
      "pt",
      "tl",
    ],
    "schema": {
      "id": "dtpr_element",
      "name": "DTPR Element",
      "namespace": "https://dtpr.io/schemas/element/v0.2",
      "version": "0.2",
    },
    "variable_ids": [
      "additional_description",
    ],
  },
  {
    "category_ids": [
      "ai__processing",
    ],
    "context_type_id": null,
    "id": "privacy-preserving",
    "locales": [
      "en",
      "es",
      "fr",
      "km",
      "pt",
      "tl",
    ],
    "schema": {
      "id": "dtpr_element",
      "name": "DTPR Element",
      "namespace": "https://dtpr.io/schemas/element/v0.2",
      "version": "0.2",
    },
    "variable_ids": [
      "additional_description",
    ],
  },
  {
    "category_ids": [
      "ai__processing",
    ],
    "context_type_id": null,
    "id": "recommendation-systems",
    "locales": [
      "en",
      "es",
      "fr",
      "km",
      "pt",
      "tl",
    ],
    "schema": {
      "id": "dtpr_element",
      "name": "DTPR Element",
      "namespace": "https://dtpr.io/schemas/element/v0.2",
      "version": "0.2",
    },
    "variable_ids": [
      "additional_description",
    ],
  },
  {
    "category_ids": [
      "ai__purpose",
      "device__purpose",
    ],
    "context_type_id": null,
    "id": "research_development",
    "locales": [
      "en",
      "es",
      "fr",
      "km",
      "pt",
      "tl",
    ],
    "schema": {
      "id": "dtpr_element",
      "name": "DTPR Element",
      "namespace": "https://dtpr.io/schemas/element/v0.2",
      "version": "0.2",
    },
    "variable_ids": [
      "additional_description",
    ],
  },
  {
    "category_ids": [
      "ai__decision",
    ],
    "context_type_id": "ai_decides_human_executes",
    "id": "resource_allocation",
    "locales": [
      "en",
      "es",
      "fr",
      "km",
      "pt",
      "tl",
    ],
    "schema": {
      "id": "dtpr_element",
      "name": "DTPR Element",
      "namespace": "https://dtpr.io/schemas/element/v0.2",
      "version": "0.2",
    },
    "variable_ids": [
      "additional_description",
    ],
  },
  {
    "category_ids": [
      "ai__rights",
    ],
    "context_type_id": null,
    "id": "right_access",
    "locales": [
      "en",
      "es",
      "fr",
      "km",
      "pt",
      "tl",
    ],
    "schema": {
      "id": "dtpr_element",
      "name": "DTPR Element",
      "namespace": "https://dtpr.io/schemas/element/v0.2",
      "version": "0.2",
    },
    "variable_ids": [
      "rights",
    ],
  },
  {
    "category_ids": [
      "ai__rights",
    ],
    "context_type_id": null,
    "id": "right_algorithmic_transparency",
    "locales": [
      "en",
      "es",
      "fr",
      "km",
      "pt",
      "tl",
    ],
    "schema": {
      "id": "dtpr_element",
      "name": "DTPR Element",
      "namespace": "https://dtpr.io/schemas/element/v0.2",
      "version": "0.2",
    },
    "variable_ids": [
      "rights",
    ],
  },
  {
    "category_ids": [
      "ai__rights",
    ],
    "context_type_id": null,
    "id": "right_be_forgotten",
    "locales": [
      "en",
      "es",
      "fr",
      "km",
      "pt",
      "tl",
    ],
    "schema": {
      "id": "dtpr_element",
      "name": "DTPR Element",
      "namespace": "https://dtpr.io/schemas/element/v0.2",
      "version": "0.2",
    },
    "variable_ids": [
      "rights",
    ],
  },
  {
    "category_ids": [
      "ai__rights",
    ],
    "context_type_id": null,
    "id": "right_contest",
    "locales": [
      "en",
      "es",
      "fr",
      "km",
      "pt",
      "tl",
    ],
    "schema": {
      "id": "dtpr_element",
      "name": "DTPR Element",
      "namespace": "https://dtpr.io/schemas/element/v0.2",
      "version": "0.2",
    },
    "variable_ids": [
      "rights",
    ],
  },
  {
    "category_ids": [
      "ai__rights",
    ],
    "context_type_id": null,
    "id": "right_non_discrimination",
    "locales": [
      "en",
      "es",
      "fr",
      "km",
      "pt",
      "tl",
    ],
    "schema": {
      "id": "dtpr_element",
      "name": "DTPR Element",
      "namespace": "https://dtpr.io/schemas/element/v0.2",
      "version": "0.2",
    },
    "variable_ids": [
      "rights",
    ],
  },
  {
    "category_ids": [
      "ai__rights",
    ],
    "context_type_id": null,
    "id": "right_purpose_limitation",
    "locales": [
      "en",
      "es",
      "fr",
      "km",
      "pt",
      "tl",
    ],
    "schema": {
      "id": "dtpr_element",
      "name": "DTPR Element",
      "namespace": "https://dtpr.io/schemas/element/v0.2",
      "version": "0.2",
    },
    "variable_ids": [
      "rights",
    ],
  },
  {
    "category_ids": [
      "ai__purpose",
      "device__purpose",
    ],
    "context_type_id": null,
    "id": "safety_security",
    "locales": [
      "en",
      "es",
      "fr",
      "km",
      "pt",
      "tl",
    ],
    "schema": {
      "id": "dtpr_element",
      "name": "DTPR Element",
      "namespace": "https://dtpr.io/schemas/element/v0.2",
      "version": "0.2",
    },
    "variable_ids": [
      "additional_description",
    ],
  },
  {
    "category_ids": [
      "ai__processing",
    ],
    "context_type_id": null,
    "id": "sentiment-analysis",
    "locales": [
      "en",
      "es",
      "fr",
      "km",
      "pt",
      "tl",
    ],
    "schema": {
      "id": "dtpr_element",
      "name": "DTPR Element",
      "namespace": "https://dtpr.io/schemas/element/v0.2",
      "version": "0.2",
    },
    "variable_ids": [
      "additional_description",
    ],
  },
  {
    "category_ids": [
      "ai__storage",
      "device__storage",
    ],
    "context_type_id": null,
    "id": "shared_storage_and_governance",
    "locales": [
      "en",
      "es",
      "fr",
      "km",
      "pt",
      "tl",
    ],
    "schema": {
      "id": "dtpr_element",
      "name": "DTPR Element",
      "namespace": "https://dtpr.io/schemas/element/v0.2",
      "version": "0.2",
    },
    "variable_ids": [
      "additional_description",
      "duration",
    ],
  },
  {
    "category_ids": [
      "ai__purpose",
      "device__purpose",
    ],
    "context_type_id": null,
    "id": "social",
    "locales": [
      "en",
      "es",
      "fr",
      "km",
      "pt",
      "tl",
    ],
    "schema": {
      "id": "dtpr_element",
      "name": "DTPR Element",
      "namespace": "https://dtpr.io/schemas/element/v0.2",
      "version": "0.2",
    },
    "variable_ids": [
      "additional_description",
    ],
  },
  {
    "category_ids": [
      "ai__input_dataset",
      "ai__output_dataset",
      "device__data",
    ],
    "context_type_id": null,
    "id": "spatial",
    "locales": [
      "en",
      "es",
      "fr",
      "km",
      "pt",
      "tl",
    ],
    "schema": {
      "id": "dtpr_element",
      "name": "DTPR Element",
      "namespace": "https://dtpr.io/schemas/element/v0.2",
      "version": "0.2",
    },
    "variable_ids": [
      "additional_description",
    ],
  },
  {
    "category_ids": [
      "ai__storage",
      "device__storage",
    ],
    "context_type_id": null,
    "id": "stored_locally",
    "locales": [
      "en",
      "es",
      "fr",
      "km",
      "pt",
      "tl",
    ],
    "schema": {
      "id": "dtpr_element",
      "name": "DTPR Element",
      "namespace": "https://dtpr.io/schemas/element/v0.2",
      "version": "0.2",
    },
    "variable_ids": [
      "additional_description",
      "duration",
    ],
  },
  {
    "category_ids": [
      "ai__storage",
      "device__storage",
    ],
    "context_type_id": null,
    "id": "stored_on_3rd_party_cloud",
    "locales": [
      "en",
      "es",
      "fr",
      "km",
      "pt",
      "tl",
    ],
    "schema": {
      "id": "dtpr_element",
      "name": "DTPR Element",
      "namespace": "https://dtpr.io/schemas/element/v0.2",
      "version": "0.2",
    },
    "variable_ids": [
      "additional_description",
      "duration",
    ],
  },
  {
    "category_ids": [
      "ai__storage",
      "device__storage",
    ],
    "context_type_id": null,
    "id": "stored_primarily_internationally",
    "locales": [
      "en",
      "es",
      "fr",
      "km",
      "pt",
      "tl",
    ],
    "schema": {
      "id": "dtpr_element",
      "name": "DTPR Element",
      "namespace": "https://dtpr.io/schemas/element/v0.2",
      "version": "0.2",
    },
    "variable_ids": [
      "additional_description",
      "duration",
    ],
  },
  {
    "category_ids": [
      "ai__storage",
      "device__storage",
    ],
    "context_type_id": null,
    "id": "stored_primarily_locally",
    "locales": [
      "en",
      "es",
      "fr",
      "km",
      "pt",
      "tl",
    ],
    "schema": {
      "id": "dtpr_element",
      "name": "DTPR Element",
      "namespace": "https://dtpr.io/schemas/element/v0.2",
      "version": "0.2",
    },
    "variable_ids": [
      "additional_description",
      "duration",
    ],
  },
  {
    "category_ids": [
      "ai__purpose",
      "device__purpose",
    ],
    "context_type_id": null,
    "id": "switch",
    "locales": [
      "en",
      "es",
      "fr",
      "km",
      "pt",
      "tl",
    ],
    "schema": {
      "id": "dtpr_element",
      "name": "DTPR Element",
      "namespace": "https://dtpr.io/schemas/element/v0.2",
      "version": "0.2",
    },
    "variable_ids": [
      "additional_description",
    ],
  },
  {
    "category_ids": [
      "ai__risks_mitigation",
    ],
    "context_type_id": null,
    "id": "system_drift",
    "locales": [
      "en",
      "es",
      "fr",
      "km",
      "pt",
      "tl",
    ],
    "schema": {
      "id": "dtpr_element",
      "name": "DTPR Element",
      "namespace": "https://dtpr.io/schemas/element/v0.2",
      "version": "0.2",
    },
    "variable_ids": [
      "mitigation",
    ],
  },
  {
    "category_ids": [
      "ai__input_dataset",
      "ai__output_dataset",
      "device__data",
    ],
    "context_type_id": null,
    "id": "tabular",
    "locales": [
      "en",
      "es",
      "fr",
      "km",
      "pt",
      "tl",
    ],
    "schema": {
      "id": "dtpr_element",
      "name": "DTPR Element",
      "namespace": "https://dtpr.io/schemas/element/v0.2",
      "version": "0.2",
    },
    "variable_ids": [
      "additional_description",
    ],
  },
  {
    "category_ids": [
      "ai__processing",
    ],
    "context_type_id": null,
    "id": "text-to-speech",
    "locales": [
      "en",
      "es",
      "fr",
      "km",
      "pt",
      "tl",
    ],
    "schema": {
      "id": "dtpr_element",
      "name": "DTPR Element",
      "namespace": "https://dtpr.io/schemas/element/v0.2",
      "version": "0.2",
    },
    "variable_ids": [
      "additional_description",
    ],
  },
  {
    "category_ids": [
      "ai__processing",
    ],
    "context_type_id": null,
    "id": "time-series-forecasting",
    "locales": [
      "en",
      "es",
      "fr",
      "km",
      "pt",
      "tl",
    ],
    "schema": {
      "id": "dtpr_element",
      "name": "DTPR Element",
      "namespace": "https://dtpr.io/schemas/element/v0.2",
      "version": "0.2",
    },
    "variable_ids": [
      "additional_description",
    ],
  },
  {
    "category_ids": [
      "ai__risks_mitigation",
    ],
    "context_type_id": null,
    "id": "unequal_performance",
    "locales": [
      "en",
      "es",
      "fr",
      "km",
      "pt",
      "tl",
    ],
    "schema": {
      "id": "dtpr_element",
      "name": "DTPR Element",
      "namespace": "https://dtpr.io/schemas/element/v0.2",
      "version": "0.2",
    },
    "variable_ids": [
      "mitigation",
    ],
  },
  {
    "category_ids": [
      "ai__input_dataset",
      "ai__output_dataset",
      "device__data",
    ],
    "context_type_id": null,
    "id": "values_time",
    "locales": [
      "en",
      "es",
      "fr",
      "km",
      "pt",
      "tl",
    ],
    "schema": {
      "id": "dtpr_element",
      "name": "DTPR Element",
      "namespace": "https://dtpr.io/schemas/element/v0.2",
      "version": "0.2",
    },
    "variable_ids": [
      "additional_description",
    ],
  },
  {
    "category_ids": [
      "ai__purpose",
      "device__purpose",
    ],
    "context_type_id": null,
    "id": "waste_management",
    "locales": [
      "en",
      "es",
      "fr",
      "km",
      "pt",
      "tl",
    ],
    "schema": {
      "id": "dtpr_element",
      "name": "DTPR Element",
      "namespace": "https://dtpr.io/schemas/element/v0.2",
      "version": "0.2",
    },
    "variable_ids": [
      "additional_description",
    ],
  },
  {
    "category_ids": [
      "ai__purpose",
      "device__purpose",
    ],
    "context_type_id": null,
    "id": "water_efficiency",
    "locales": [
      "en",
      "es",
      "fr",
      "km",
      "pt",
      "tl",
    ],
    "schema": {
      "id": "dtpr_element",
      "name": "DTPR Element",
      "namespace": "https://dtpr.io/schemas/element/v0.2",
      "version": "0.2",
    },
    "variable_ids": [
      "additional_description",
    ],
  },
  {
    "category_ids": [
      "ai__purpose",
      "device__purpose",
    ],
    "context_type_id": null,
    "id": "wayfinding_services",
    "locales": [
      "en",
      "es",
      "fr",
      "km",
      "pt",
      "tl",
    ],
    "schema": {
      "id": "dtpr_element",
      "name": "DTPR Element",
      "namespace": "https://dtpr.io/schemas/element/v0.2",
      "version": "0.2",
    },
    "variable_ids": [
      "additional_description",
    ],
  },
]
`;

exports[`GET /api/dtpr/v1/elements/:datachain_type > device elements > structural fingerprint matches snapshot 1`] = `
[
  {
    "category_ids": [
      "ai__purpose",
      "device__purpose",
    ],
    "context_type_id": null,
    "id": "accessibility",
    "locales": [
      "en",
      "es",
      "fr",
      "km",
      "pt",
      "tl",
    ],
    "schema": {
      "id": "dtpr_element",
      "name": "DTPR Element",
      "namespace": "https://dtpr.io/schemas/element/v0.2",
      "version": "0.2",
    },
    "variable_ids": [],
  },
  {
    "category_ids": [
      "ai__purpose",
      "device__purpose",
    ],
    "context_type_id": null,
    "id": "agency_interaction",
    "locales": [
      "en",
      "es",
      "fr",
      "km",
      "pt",
      "tl",
    ],
    "schema": {
      "id": "dtpr_element",
      "name": "DTPR Element",
      "namespace": "https://dtpr.io/schemas/element/v0.2",
      "version": "0.2",
    },
    "variable_ids": [],
  },
  {
    "category_ids": [
      "device__process",
    ],
    "context_type_id": null,
    "id": "aggregated",
    "locales": [
      "en",
      "es",
      "fr",
      "km",
      "pt",
      "tl",
    ],
    "schema": {
      "id": "dtpr_element",
      "name": "DTPR Element",
      "namespace": "https://dtpr.io/schemas/element/v0.2",
      "version": "0.2",
    },
    "variable_ids": [],
  },
  {
    "category_ids": [
      "device__process",
    ],
    "context_type_id": null,
    "id": "ai_system",
    "locales": [
      "en",
      "es",
      "fr",
      "km",
      "pt",
      "tl",
    ],
    "schema": {
      "id": "dtpr_element",
      "name": "DTPR Element",
      "namespace": "https://dtpr.io/schemas/element/v0.2",
      "version": "0.2",
    },
    "variable_ids": [],
  },
  {
    "category_ids": [
      "device__tech",
    ],
    "context_type_id": null,
    "id": "air_quality",
    "locales": [
      "en",
      "es",
      "fr",
      "km",
      "pt",
      "tl",
    ],
    "schema": {
      "id": "dtpr_element",
      "name": "DTPR Element",
      "namespace": "https://dtpr.io/schemas/element/v0.2",
      "version": "0.2",
    },
    "variable_ids": [],
  },
  {
    "category_ids": [
      "ai__purpose",
      "device__purpose",
    ],
    "context_type_id": null,
    "id": "arts_culture",
    "locales": [
      "en",
      "es",
      "fr",
      "km",
      "pt",
      "tl",
    ],
    "schema": {
      "id": "dtpr_element",
      "name": "DTPR Element",
      "namespace": "https://dtpr.io/schemas/element/v0.2",
      "version": "0.2",
    },
    "variable_ids": [],
  },
  {
    "category_ids": [
      "device__tech",
    ],
    "context_type_id": null,
    "id": "assistance_station",
    "locales": [
      "en",
      "es",
      "fr",
      "km",
      "pt",
      "tl",
    ],
    "schema": {
      "id": "dtpr_element",
      "name": "DTPR Element",
      "namespace": "https://dtpr.io/schemas/element/v0.2",
      "version": "0.2",
    },
    "variable_ids": [],
  },
  {
    "category_ids": [
      "device__tech",
    ],
    "context_type_id": null,
    "id": "augmented_reality",
    "locales": [
      "en",
      "es",
      "fr",
      "km",
      "pt",
      "tl",
    ],
    "schema": {
      "id": "dtpr_element",
      "name": "DTPR Element",
      "namespace": "https://dtpr.io/schemas/element/v0.2",
      "version": "0.2",
    },
    "variable_ids": [],
  },
  {
    "category_ids": [
      "ai__access",
      "device__access",
    ],
    "context_type_id": null,
    "id": "available_for_resale",
    "locales": [
      "en",
      "es",
      "fr",
      "km",
      "pt",
      "tl",
    ],
    "schema": {
      "id": "dtpr_element",
      "name": "DTPR Element",
      "namespace": "https://dtpr.io/schemas/element/v0.2",
      "version": "0.2",
    },
    "variable_ids": [],
  },
  {
    "category_ids": [
      "ai__access",
      "device__access",
    ],
    "context_type_id": null,
    "id": "available_to_3rd_parties",
    "locales": [
      "en",
      "es",
      "fr",
      "km",
      "pt",
      "tl",
    ],
    "schema": {
      "id": "dtpr_element",
      "name": "DTPR Element",
      "namespace": "https://dtpr.io/schemas/element/v0.2",
      "version": "0.2",
    },
    "variable_ids": [],
  },
  {
    "category_ids": [
      "ai__access",
      "device__access",
    ],
    "context_type_id": null,
    "id": "available_to_download",
    "locales": [
      "en",
      "es",
      "fr",
      "km",
      "pt",
      "tl",
    ],
    "schema": {
      "id": "dtpr_element",
      "name": "DTPR Element",
      "namespace": "https://dtpr.io/schemas/element/v0.2",
      "version": "0.2",
    },
    "variable_ids": [],
  },
  {
    "category_ids": [
      "ai__access",
      "device__access",
    ],
    "context_type_id": null,
    "id": "available_to_me",
    "locales": [
      "en",
      "es",
      "fr",
      "km",
      "pt",
      "tl",
    ],
    "schema": {
      "id": "dtpr_element",
      "name": "DTPR Element",
      "namespace": "https://dtpr.io/schemas/element/v0.2",
      "version": "0.2",
    },
    "variable_ids": [],
  },
  {
    "category_ids": [
      "ai__access",
      "device__access",
    ],
    "context_type_id": null,
    "id": "available_to_the_accountable_organization",
    "locales": [
      "en",
      "es",
      "fr",
      "km",
      "pt",
      "tl",
    ],
    "schema": {
      "id": "dtpr_element",
      "name": "DTPR Element",
      "namespace": "https://dtpr.io/schemas/element/v0.2",
      "version": "0.2",
    },
    "variable_ids": [],
  },
  {
    "category_ids": [
      "ai__access",
      "device__access",
    ],
    "context_type_id": null,
    "id": "available_to_vendor",
    "locales": [
      "en",
      "es",
      "fr",
      "km",
      "pt",
      "tl",
    ],
    "schema": {
      "id": "dtpr_element",
      "name": "DTPR Element",
      "namespace": "https://dtpr.io/schemas/element/v0.2",
      "version": "0.2",
    },
    "variable_ids": [],
  },
  {
    "category_ids": [
      "ai__storage",
      "device__storage",
    ],
    "context_type_id": null,
    "id": "backed_up_internationally",
    "locales": [
      "en",
      "es",
      "fr",
      "km",
      "pt",
      "tl",
    ],
    "schema": {
      "id": "dtpr_element",
      "name": "DTPR Element",
      "namespace": "https://dtpr.io/schemas/element/v0.2",
      "version": "0.2",
    },
    "variable_ids": [],
  },
  {
    "category_ids": [
      "ai__storage",
      "device__storage",
    ],
    "context_type_id": null,
    "id": "backed_up_locally",
    "locales": [
      "en",
      "es",
      "fr",
      "km",
      "pt",
      "tl",
    ],
    "schema": {
      "id": "dtpr_element",
      "name": "DTPR Element",
      "namespace": "https://dtpr.io/schemas/element/v0.2",
      "version": "0.2",
    },
    "variable_ids": [],
  },
  {
    "category_ids": [
      "ai__input_dataset",
      "ai__output_dataset",
      "device__data",
    ],
    "context_type_id": null,
    "id": "binary",
    "locales": [
      "en",
      "es",
      "fr",
      "km",
      "pt",
      "tl",
    ],
    "schema": {
      "id": "dtpr_element",
      "name": "DTPR Element",
      "namespace": "https://dtpr.io/schemas/element/v0.2",
      "version": "0.2",
    },
    "variable_ids": [],
  },
  {
    "category_ids": [
      "device__tech",
    ],
    "context_type_id": null,
    "id": "biometrics",
    "locales": [
      "en",
      "es",
      "fr",
      "km",
      "pt",
      "tl",
    ],
    "schema": {
      "id": "dtpr_element",
      "name": "DTPR Element",
      "namespace": "https://dtpr.io/schemas/element/v0.2",
      "version": "0.2",
    },
    "variable_ids": [],
  },
  {
    "category_ids": [
      "device__process",
    ],
    "context_type_id": null,
    "id": "bitmap_manipulation",
    "locales": [
      "en",
      "es",
      "fr",
      "km",
      "pt",
      "tl",
    ],
    "schema": {
      "id": "dtpr_element",
      "name": "DTPR Element",
      "namespace": "https://dtpr.io/schemas/element/v0.2",
      "version": "0.2",
    },
    "variable_ids": [],
  },
  {
    "category_ids": [
      "ai__input_dataset",
      "ai__output_dataset",
      "device__data",
    ],
    "context_type_id": null,
    "id": "boolean",
    "locales": [
      "en",
      "es",
      "fr",
      "km",
      "pt",
      "tl",
    ],
    "schema": {
      "id": "dtpr_element",
      "name": "DTPR Element",
      "namespace": "https://dtpr.io/schemas/element/v0.2",
      "version": "0.2",
    },
    "variable_ids": [],
  },
  {
    "category_ids": [
      "device__tech",
    ],
    "context_type_id": null,
    "id": "cellular",
    "locales": [
      "en",
      "es",
      "fr",
      "km",
      "pt",
      "tl",
    ],
    "schema": {
      "id": "dtpr_element",
      "name": "DTPR Element",
      "namespace": "https://dtpr.io/schemas/element/v0.2",
      "version": "0.2",
    },
    "variable_ids": [],
  },
  {
    "category_ids": [
      "device__tech",
    ],
    "context_type_id": null,
    "id": "chatbot",
    "locales": [
      "en",
      "es",
      "fr",
      "km",
      "pt",
      "tl",
    ],
    "schema": {
      "id": "dtpr_element",
      "name": "DTPR Element",
      "namespace": "https://dtpr.io/schemas/element/v0.2",
      "version": "0.2",
    },
    "variable_ids": [],
  },
  {
    "category_ids": [
      "device__process",
    ],
    "context_type_id": null,
    "id": "code_signing",
    "locales": [
      "en",
      "es",
      "fr",
      "km",
      "pt",
      "tl",
    ],
    "schema": {
      "id": "dtpr_element",
      "name": "DTPR Element",
      "namespace": "https://dtpr.io/schemas/element/v0.2",
      "version": "0.2",
    },
    "variable_ids": [],
  },
  {
    "category_ids": [
      "ai__purpose",
      "device__purpose",
    ],
    "context_type_id": null,
    "id": "commerce",
    "locales": [
      "en",
      "es",
      "fr",
      "km",
      "pt",
      "tl",
    ],
    "schema": {
      "id": "dtpr_element",
      "name": "DTPR Element",
      "namespace": "https://dtpr.io/schemas/element/v0.2",
      "version": "0.2",
    },
    "variable_ids": [],
  },
  {
    "category_ids": [
      "device__process",
    ],
    "context_type_id": null,
    "id": "computer_vision",
    "locales": [
      "en",
      "es",
      "fr",
      "km",
      "pt",
      "tl",
    ],
    "schema": {
      "id": "dtpr_element",
      "name": "DTPR Element",
      "namespace": "https://dtpr.io/schemas/element/v0.2",
      "version": "0.2",
    },
    "variable_ids": [],
  },
  {
    "category_ids": [
      "ai__purpose",
      "device__purpose",
    ],
    "context_type_id": null,
    "id": "connectivity",
    "locales": [
      "en",
      "es",
      "fr",
      "km",
      "pt",
      "tl",
    ],
    "schema": {
      "id": "dtpr_element",
      "name": "DTPR Element",
      "namespace": "https://dtpr.io/schemas/element/v0.2",
      "version": "0.2",
    },
    "variable_ids": [],
  },
  {
    "category_ids": [
      "device__tech",
    ],
    "context_type_id": null,
    "id": "contactless_payments",
    "locales": [
      "en",
      "es",
      "fr",
      "km",
      "pt",
      "tl",
    ],
    "schema": {
      "id": "dtpr_element",
      "name": "DTPR Element",
      "namespace": "https://dtpr.io/schemas/element/v0.2",
      "version": "0.2",
    },
    "variable_ids": [],
  },
  {
    "category_ids": [
      "device__process",
    ],
    "context_type_id": null,
    "id": "cryptonets",
    "locales": [
      "en",
      "es",
      "fr",
      "km",
      "pt",
      "tl",
    ],
    "schema": {
      "id": "dtpr_element",
      "name": "DTPR Element",
      "namespace": "https://dtpr.io/schemas/element/v0.2",
      "version": "0.2",
    },
    "variable_ids": [],
  },
  {
    "category_ids": [
      "ai__retention",
      "device__retention",
    ],
    "context_type_id": null,
    "id": "data_retained",
    "locales": [
      "en",
      "es",
      "fr",
      "km",
      "pt",
      "tl",
    ],
    "schema": {
      "id": "dtpr_element",
      "name": "DTPR Element",
      "namespace": "https://dtpr.io/schemas/element/v0.2",
      "version": "0.2",
    },
    "variable_ids": [],
  },
  {
    "category_ids": [
      "device__process",
    ],
    "context_type_id": null,
    "id": "de_identified",
    "locales": [
      "en",
      "es",
      "fr",
      "km",
      "pt",
      "tl",
    ],
    "schema": {
      "id": "dtpr_element",
      "name": "DTPR Element",
      "namespace": "https://dtpr.io/schemas/element/v0.2",
      "version": "0.2",
    },
    "variable_ids": [],
  },
  {
    "category_ids": [
      "device__tech",
    ],
    "context_type_id": null,
    "id": "de_identified_image",
    "locales": [
      "en",
      "es",
      "fr",
      "km",
      "pt",
      "tl",
    ],
    "schema": {
      "id": "dtpr_element",
      "name": "DTPR Element",
      "namespace": "https://dtpr.io/schemas/element/v0.2",
      "version": "0.2",
    },
    "variable_ids": [],
  },
  {
    "category_ids": [
      "device__tech",
    ],
    "context_type_id": null,
    "id": "de_identified_video",
    "locales": [
      "en",
      "es",
      "fr",
      "km",
      "pt",
      "tl",
    ],
    "schema": {
      "id": "dtpr_element",
      "name": "DTPR Element",
      "namespace": "https://dtpr.io/schemas/element/v0.2",
      "version": "0.2",
    },
    "variable_ids": [],
  },
  {
    "category_ids": [
      "device__tech",
    ],
    "context_type_id": null,
    "id": "de_identified_voice",
    "locales": [
      "en",
      "es",
      "fr",
      "km",
      "pt",
      "tl",
    ],
    "schema": {
      "id": "dtpr_element",
      "name": "DTPR Element",
      "namespace": "https://dtpr.io/schemas/element/v0.2",
      "version": "0.2",
    },
    "variable_ids": [],
  },
  {
    "category_ids": [
      "device__process",
    ],
    "context_type_id": null,
    "id": "differential_privacy",
    "locales": [
      "en",
      "es",
      "fr",
      "km",
      "pt",
      "tl",
    ],
    "schema": {
      "id": "dtpr_element",
      "name": "DTPR Element",
      "namespace": "https://dtpr.io/schemas/element/v0.2",
      "version": "0.2",
    },
    "variable_ids": [],
  },
  {
    "category_ids": [
      "ai__purpose",
      "device__purpose",
    ],
    "context_type_id": null,
    "id": "dining",
    "locales": [
      "en",
      "es",
      "fr",
      "km",
      "pt",
      "tl",
    ],
    "schema": {
      "id": "dtpr_element",
      "name": "DTPR Element",
      "namespace": "https://dtpr.io/schemas/element/v0.2",
      "version": "0.2",
    },
    "variable_ids": [],
  },
  {
    "category_ids": [
      "device__tech",
    ],
    "context_type_id": null,
    "id": "dtpr_api",
    "locales": [
      "en",
      "es",
      "fr",
      "km",
      "pt",
      "tl",
    ],
    "schema": {
      "id": "dtpr_element",
      "name": "DTPR Element",
      "namespace": "https://dtpr.io/schemas/element/v0.2",
      "version": "0.2",
    },
    "variable_ids": [],
  },
  {
    "category_ids": [
      "ai__purpose",
      "device__purpose",
    ],
    "context_type_id": null,
    "id": "ecology",
    "locales": [
      "en",
      "es",
      "fr",
      "km",
      "pt",
      "tl",
    ],
    "schema": {
      "id": "dtpr_element",
      "name": "DTPR Element",
      "namespace": "https://dtpr.io/schemas/element/v0.2",
      "version": "0.2",
    },
    "variable_ids": [],
  },
  {
    "category_ids": [
      "device__tech",
    ],
    "context_type_id": null,
    "id": "electric_vehicle_charger",
    "locales": [
      "en",
      "es",
      "fr",
      "km",
      "pt",
      "tl",
    ],
    "schema": {
      "id": "dtpr_element",
      "name": "DTPR Element",
      "namespace": "https://dtpr.io/schemas/element/v0.2",
      "version": "0.2",
    },
    "variable_ids": [],
  },
  {
    "category_ids": [
      "device__process",
    ],
    "context_type_id": null,
    "id": "encrypted",
    "locales": [
      "en",
      "es",
      "fr",
      "km",
      "pt",
      "tl",
    ],
    "schema": {
      "id": "dtpr_element",
      "name": "DTPR Element",
      "namespace": "https://dtpr.io/schemas/element/v0.2",
      "version": "0.2",
    },
    "variable_ids": [],
  },
  {
    "category_ids": [
      "device__process",
    ],
    "context_type_id": null,
    "id": "encrypted_at_rest",
    "locales": [
      "en",
      "es",
      "fr",
      "km",
      "pt",
      "tl",
    ],
    "schema": {
      "id": "dtpr_element",
      "name": "DTPR Element",
      "namespace": "https://dtpr.io/schemas/element/v0.2",
      "version": "0.2",
    },
    "variable_ids": [],
  },
  {
    "category_ids": [
      "ai__purpose",
      "device__purpose",
    ],
    "context_type_id": null,
    "id": "energy_efficiency",
    "locales": [
      "en",
      "es",
      "fr",
      "km",
      "pt",
      "tl",
    ],
    "schema": {
      "id": "dtpr_element",
      "name": "DTPR Element",
      "namespace": "https://dtpr.io/schemas/element/v0.2",
      "version": "0.2",
    },
    "variable_ids": [],
  },
  {
    "category_ids": [
      "ai__purpose",
      "device__purpose",
    ],
    "context_type_id": null,
    "id": "enforcement",
    "locales": [
      "en",
      "es",
      "fr",
      "km",
      "pt",
      "tl",
    ],
    "schema": {
      "id": "dtpr_element",
      "name": "DTPR Element",
      "namespace": "https://dtpr.io/schemas/element/v0.2",
      "version": "0.2",
    },
    "variable_ids": [],
  },
  {
    "category_ids": [
      "ai__purpose",
      "device__purpose",
    ],
    "context_type_id": null,
    "id": "entry",
    "locales": [
      "en",
      "es",
      "fr",
      "km",
      "pt",
      "tl",
    ],
    "schema": {
      "id": "dtpr_element",
      "name": "DTPR Element",
      "namespace": "https://dtpr.io/schemas/element/v0.2",
      "version": "0.2",
    },
    "variable_ids": [],
  },
  {
    "category_ids": [
      "device__tech",
    ],
    "context_type_id": null,
    "id": "facial_characterization",
    "locales": [
      "en",
      "es",
      "fr",
      "km",
      "pt",
      "tl",
    ],
    "schema": {
      "id": "dtpr_element",
      "name": "DTPR Element",
      "namespace": "https://dtpr.io/schemas/element/v0.2",
      "version": "0.2",
    },
    "variable_ids": [],
  },
  {
    "category_ids": [
      "device__process",
    ],
    "context_type_id": null,
    "id": "federated_learning",
    "locales": [
      "en",
      "es",
      "fr",
      "km",
      "pt",
      "tl",
    ],
    "schema": {
      "id": "dtpr_element",
      "name": "DTPR Element",
      "namespace": "https://dtpr.io/schemas/element/v0.2",
      "version": "0.2",
    },
    "variable_ids": [],
  },
  {
    "category_ids": [
      "ai__purpose",
      "device__purpose",
    ],
    "context_type_id": null,
    "id": "fire_emergency",
    "locales": [
      "en",
      "es",
      "fr",
      "km",
      "pt",
      "tl",
    ],
    "schema": {
      "id": "dtpr_element",
      "name": "DTPR Element",
      "namespace": "https://dtpr.io/schemas/element/v0.2",
      "version": "0.2",
    },
    "variable_ids": [],
  },
  {
    "category_ids": [
      "device__tech",
    ],
    "context_type_id": null,
    "id": "gps",
    "locales": [
      "en",
      "es",
      "fr",
      "km",
      "pt",
      "tl",
    ],
    "schema": {
      "id": "dtpr_element",
      "name": "DTPR Element",
      "namespace": "https://dtpr.io/schemas/element/v0.2",
      "version": "0.2",
    },
    "variable_ids": [],
  },
  {
    "category_ids": [
      "device__tech",
    ],
    "context_type_id": null,
    "id": "hands_free",
    "locales": [
      "en",
      "es",
      "fr",
      "km",
      "pt",
      "tl",
    ],
    "schema": {
      "id": "dtpr_element",
      "name": "DTPR Element",
      "namespace": "https://dtpr.io/schemas/element/v0.2",
      "version": "0.2",
    },
    "variable_ids": [],
  },
  {
    "category_ids": [
      "device__process",
    ],
    "context_type_id": null,
    "id": "hardware_audits",
    "locales": [
      "en",
      "es",
      "fr",
      "km",
      "pt",
      "tl",
    ],
    "schema": {
      "id": "dtpr_element",
      "name": "DTPR Element",
      "namespace": "https://dtpr.io/schemas/element/v0.2",
      "version": "0.2",
    },
    "variable_ids": [],
  },
  {
    "category_ids": [
      "ai__purpose",
      "device__purpose",
    ],
    "context_type_id": null,
    "id": "health",
    "locales": [
      "en",
      "es",
      "fr",
      "km",
      "pt",
      "tl",
    ],
    "schema": {
      "id": "dtpr_element",
      "name": "DTPR Element",
      "namespace": "https://dtpr.io/schemas/element/v0.2",
      "version": "0.2",
    },
    "variable_ids": [],
  },
  {
    "category_ids": [
      "device__process",
    ],
    "context_type_id": null,
    "id": "homomorphic_encryption",
    "locales": [
      "en",
      "es",
      "fr",
      "km",
      "pt",
      "tl",
    ],
    "schema": {
      "id": "dtpr_element",
      "name": "DTPR Element",
      "namespace": "https://dtpr.io/schemas/element/v0.2",
      "version": "0.2",
    },
    "variable_ids": [],
  },
  {
    "category_ids": [
      "device__tech",
    ],
    "context_type_id": null,
    "id": "identifiable_image",
    "locales": [
      "en",
      "es",
      "fr",
      "km",
      "pt",
      "tl",
    ],
    "schema": {
      "id": "dtpr_element",
      "name": "DTPR Element",
      "namespace": "https://dtpr.io/schemas/element/v0.2",
      "version": "0.2",
    },
    "variable_ids": [],
  },
  {
    "category_ids": [
      "device__tech",
    ],
    "context_type_id": null,
    "id": "identifiable_nfc",
    "locales": [
      "en",
      "es",
      "fr",
      "km",
      "pt",
      "tl",
    ],
    "schema": {
      "id": "dtpr_element",
      "name": "DTPR Element",
      "namespace": "https://dtpr.io/schemas/element/v0.2",
      "version": "0.2",
    },
    "variable_ids": [],
  },
  {
    "category_ids": [
      "device__tech",
    ],
    "context_type_id": null,
    "id": "identifiable_rfid",
    "locales": [
      "en",
      "es",
      "fr",
      "km",
      "pt",
      "tl",
    ],
    "schema": {
      "id": "dtpr_element",
      "name": "DTPR Element",
      "namespace": "https://dtpr.io/schemas/element/v0.2",
      "version": "0.2",
    },
    "variable_ids": [],
  },
  {
    "category_ids": [
      "device__tech",
    ],
    "context_type_id": null,
    "id": "identifiable_video",
    "locales": [
      "en",
      "es",
      "fr",
      "km",
      "pt",
      "tl",
    ],
    "schema": {
      "id": "dtpr_element",
      "name": "DTPR Element",
      "namespace": "https://dtpr.io/schemas/element/v0.2",
      "version": "0.2",
    },
    "variable_ids": [],
  },
  {
    "category_ids": [
      "device__tech",
    ],
    "context_type_id": null,
    "id": "identifiable_wifi_sensor",
    "locales": [
      "en",
      "es",
      "fr",
      "km",
      "pt",
      "tl",
    ],
    "schema": {
      "id": "dtpr_element",
      "name": "DTPR Element",
      "namespace": "https://dtpr.io/schemas/element/v0.2",
      "version": "0.2",
    },
    "variable_ids": [],
  },
  {
    "category_ids": [
      "device__tech",
    ],
    "context_type_id": null,
    "id": "image",
    "locales": [
      "en",
      "es",
      "fr",
      "km",
      "pt",
      "tl",
    ],
    "schema": {
      "id": "dtpr_element",
      "name": "DTPR Element",
      "namespace": "https://dtpr.io/schemas/element/v0.2",
      "version": "0.2",
    },
    "variable_ids": [],
  },
  {
    "category_ids": [
      "device__tech",
    ],
    "context_type_id": null,
    "id": "image_infrared",
    "locales": [
      "en",
      "es",
      "fr",
      "km",
      "pt",
      "tl",
    ],
    "schema": {
      "id": "dtpr_element",
      "name": "DTPR Element",
      "namespace": "https://dtpr.io/schemas/element/v0.2",
      "version": "0.2",
    },
    "variable_ids": [],
  },
  {
    "category_ids": [
      "device__process",
    ],
    "context_type_id": null,
    "id": "immutable_query_ledger",
    "locales": [
      "en",
      "es",
      "fr",
      "km",
      "pt",
      "tl",
    ],
    "schema": {
      "id": "dtpr_element",
      "name": "DTPR Element",
      "namespace": "https://dtpr.io/schemas/element/v0.2",
      "version": "0.2",
    },
    "variable_ids": [],
  },
  {
    "category_ids": [
      "device__tech",
    ],
    "context_type_id": null,
    "id": "inclinometer",
    "locales": [
      "en",
      "es",
      "fr",
      "km",
      "pt",
      "tl",
    ],
    "schema": {
      "id": "dtpr_element",
      "name": "DTPR Element",
      "namespace": "https://dtpr.io/schemas/element/v0.2",
      "version": "0.2",
    },
    "variable_ids": [],
  },
  {
    "category_ids": [
      "device__tech",
    ],
    "context_type_id": null,
    "id": "induction_loop",
    "locales": [
      "en",
      "es",
      "fr",
      "km",
      "pt",
      "tl",
    ],
    "schema": {
      "id": "dtpr_element",
      "name": "DTPR Element",
      "namespace": "https://dtpr.io/schemas/element/v0.2",
      "version": "0.2",
    },
    "variable_ids": [],
  },
  {
    "category_ids": [
      "ai__purpose",
      "device__purpose",
    ],
    "context_type_id": null,
    "id": "inform",
    "locales": [
      "en",
      "es",
      "fr",
      "km",
      "pt",
      "tl",
    ],
    "schema": {
      "id": "dtpr_element",
      "name": "DTPR Element",
      "namespace": "https://dtpr.io/schemas/element/v0.2",
      "version": "0.2",
    },
    "variable_ids": [],
  },
  {
    "category_ids": [
      "ai__accountable",
      "device__accountable",
    ],
    "context_type_id": null,
    "id": "institution",
    "locales": [
      "en",
      "es",
      "fr",
      "km",
      "pt",
      "tl",
    ],
    "schema": {
      "id": "dtpr_element",
      "name": "DTPR Element",
      "namespace": "https://dtpr.io/schemas/element/v0.2",
      "version": "0.2",
    },
    "variable_ids": [],
  },
  {
    "category_ids": [
      "device__tech",
    ],
    "context_type_id": null,
    "id": "intercom",
    "locales": [
      "en",
      "es",
      "fr",
      "km",
      "pt",
      "tl",
    ],
    "schema": {
      "id": "dtpr_element",
      "name": "DTPR Element",
      "namespace": "https://dtpr.io/schemas/element/v0.2",
      "version": "0.2",
    },
    "variable_ids": [],
  },
  {
    "category_ids": [
      "device__process",
    ],
    "context_type_id": null,
    "id": "k_anonymity",
    "locales": [
      "en",
      "es",
      "fr",
      "km",
      "pt",
      "tl",
    ],
    "schema": {
      "id": "dtpr_element",
      "name": "DTPR Element",
      "namespace": "https://dtpr.io/schemas/element/v0.2",
      "version": "0.2",
    },
    "variable_ids": [],
  },
  {
    "category_ids": [
      "device__tech",
    ],
    "context_type_id": null,
    "id": "li_dar",
    "locales": [
      "en",
      "es",
      "fr",
      "km",
      "pt",
      "tl",
    ],
    "schema": {
      "id": "dtpr_element",
      "name": "DTPR Element",
      "namespace": "https://dtpr.io/schemas/element/v0.2",
      "version": "0.2",
    },
    "variable_ids": [],
  },
  {
    "category_ids": [
      "device__tech",
    ],
    "context_type_id": null,
    "id": "location_beacon",
    "locales": [
      "en",
      "es",
      "fr",
      "km",
      "pt",
      "tl",
    ],
    "schema": {
      "id": "dtpr_element",
      "name": "DTPR Element",
      "namespace": "https://dtpr.io/schemas/element/v0.2",
      "version": "0.2",
    },
    "variable_ids": [],
  },
  {
    "category_ids": [
      "ai__purpose",
      "device__purpose",
    ],
    "context_type_id": null,
    "id": "logistics",
    "locales": [
      "en",
      "es",
      "fr",
      "km",
      "pt",
      "tl",
    ],
    "schema": {
      "id": "dtpr_element",
      "name": "DTPR Element",
      "namespace": "https://dtpr.io/schemas/element/v0.2",
      "version": "0.2",
    },
    "variable_ids": [],
  },
  {
    "category_ids": [
      "device__tech",
    ],
    "context_type_id": null,
    "id": "microphone",
    "locales": [
      "en",
      "es",
      "fr",
      "km",
      "pt",
      "tl",
    ],
    "schema": {
      "id": "dtpr_element",
      "name": "DTPR Element",
      "namespace": "https://dtpr.io/schemas/element/v0.2",
      "version": "0.2",
    },
    "variable_ids": [],
  },
  {
    "category_ids": [
      "ai__purpose",
      "device__purpose",
    ],
    "context_type_id": null,
    "id": "mobility",
    "locales": [
      "en",
      "es",
      "fr",
      "km",
      "pt",
      "tl",
    ],
    "schema": {
      "id": "dtpr_element",
      "name": "DTPR Element",
      "namespace": "https://dtpr.io/schemas/element/v0.2",
      "version": "0.2",
    },
    "variable_ids": [],
  },
  {
    "category_ids": [
      "device__tech",
    ],
    "context_type_id": null,
    "id": "motion_detector",
    "locales": [
      "en",
      "es",
      "fr",
      "km",
      "pt",
      "tl",
    ],
    "schema": {
      "id": "dtpr_element",
      "name": "DTPR Element",
      "namespace": "https://dtpr.io/schemas/element/v0.2",
      "version": "0.2",
    },
    "variable_ids": [],
  },
  {
    "category_ids": [
      "device__tech",
    ],
    "context_type_id": null,
    "id": "nfc",
    "locales": [
      "en",
      "es",
      "fr",
      "km",
      "pt",
      "tl",
    ],
    "schema": {
      "id": "dtpr_element",
      "name": "DTPR Element",
      "namespace": "https://dtpr.io/schemas/element/v0.2",
      "version": "0.2",
    },
    "variable_ids": [],
  },
  {
    "category_ids": [
      "ai__retention",
      "device__retention",
    ],
    "context_type_id": null,
    "id": "no_data_retained",
    "locales": [
      "en",
      "es",
      "fr",
      "km",
      "pt",
      "tl",
    ],
    "schema": {
      "id": "dtpr_element",
      "name": "DTPR Element",
      "namespace": "https://dtpr.io/schemas/element/v0.2",
      "version": "0.2",
    },
    "variable_ids": [],
  },
  {
    "category_ids": [
      "device__tech",
    ],
    "context_type_id": null,
    "id": "non_identifiable_video",
    "locales": [
      "en",
      "es",
      "fr",
      "km",
      "pt",
      "tl",
    ],
    "schema": {
      "id": "dtpr_element",
      "name": "DTPR Element",
      "namespace": "https://dtpr.io/schemas/element/v0.2",
      "version": "0.2",
    },
    "variable_ids": [],
  },
  {
    "category_ids": [
      "ai__access",
      "device__access",
    ],
    "context_type_id": null,
    "id": "not_available_to_me",
    "locales": [
      "en",
      "es",
      "fr",
      "km",
      "pt",
      "tl",
    ],
    "schema": {
      "id": "dtpr_element",
      "name": "DTPR Element",
      "namespace": "https://dtpr.io/schemas/element/v0.2",
      "version": "0.2",
    },
    "variable_ids": [],
  },
  {
    "category_ids": [
      "ai__access",
      "device__access",
    ],
    "context_type_id": null,
    "id": "not_available_to_the_accountable_organization",
    "locales": [
      "en",
      "es",
      "fr",
      "km",
      "pt",
      "tl",
    ],
    "schema": {
      "id": "dtpr_element",
      "name": "DTPR Element",
      "namespace": "https://dtpr.io/schemas/element/v0.2",
      "version": "0.2",
    },
    "variable_ids": [],
  },
  {
    "category_ids": [
      "ai__access",
      "device__access",
    ],
    "context_type_id": null,
    "id": "not_available_to_vendor",
    "locales": [
      "en",
      "es",
      "fr",
      "km",
      "pt",
      "tl",
    ],
    "schema": {
      "id": "dtpr_element",
      "name": "DTPR Element",
      "namespace": "https://dtpr.io/schemas/element/v0.2",
      "version": "0.2",
    },
    "variable_ids": [],
  },
  {
    "category_ids": [
      "ai__accountable",
      "device__accountable",
    ],
    "context_type_id": null,
    "id": "organization",
    "locales": [
      "en",
      "es",
      "fr",
      "km",
      "pt",
      "tl",
    ],
    "schema": {
      "id": "dtpr_element",
      "name": "DTPR Element",
      "namespace": "https://dtpr.io/schemas/element/v0.2",
      "version": "0.2",
    },
    "variable_ids": [],
  },
  {
    "category_ids": [
      "device__tech",
    ],
    "context_type_id": null,
    "id": "passive_infrared_sensor",
    "locales": [
      "en",
      "es",
      "fr",
      "km",
      "pt",
      "tl",
    ],
    "schema": {
      "id": "dtpr_element",
      "name": "DTPR Element",
      "namespace": "https://dtpr.io/schemas/element/v0.2",
      "version": "0.2",
    },
    "variable_ids": [],
  },
  {
    "category_ids": [
      "device__tech",
    ],
    "context_type_id": null,
    "id": "person_detection",
    "locales": [
      "en",
      "es",
      "fr",
      "km",
      "pt",
      "tl",
    ],
    "schema": {
      "id": "dtpr_element",
      "name": "DTPR Element",
      "namespace": "https://dtpr.io/schemas/element/v0.2",
      "version": "0.2",
    },
    "variable_ids": [],
  },
  {
    "category_ids": [
      "ai__input_dataset",
      "ai__output_dataset",
      "device__data",
    ],
    "context_type_id": null,
    "id": "personal",
    "locales": [
      "en",
      "es",
      "fr",
      "km",
      "pt",
      "tl",
    ],
    "schema": {
      "id": "dtpr_element",
      "name": "DTPR Element",
      "namespace": "https://dtpr.io/schemas/element/v0.2",
      "version": "0.2",
    },
    "variable_ids": [],
  },
  {
    "category_ids": [
      "device__tech",
    ],
    "context_type_id": null,
    "id": "personal_device",
    "locales": [
      "en",
      "es",
      "fr",
      "km",
      "pt",
      "tl",
    ],
    "schema": {
      "id": "dtpr_element",
      "name": "DTPR Element",
      "namespace": "https://dtpr.io/schemas/element/v0.2",
      "version": "0.2",
    },
    "variable_ids": [],
  },
  {
    "category_ids": [
      "device__tech",
    ],
    "context_type_id": null,
    "id": "piezoelectric_sensor",
    "locales": [
      "en",
      "es",
      "fr",
      "km",
      "pt",
      "tl",
    ],
    "schema": {
      "id": "dtpr_element",
      "name": "DTPR Element",
      "namespace": "https://dtpr.io/schemas/element/v0.2",
      "version": "0.2",
    },
    "variable_ids": [],
  },
  {
    "category_ids": [
      "ai__input_dataset",
      "ai__output_dataset",
      "device__data",
    ],
    "context_type_id": null,
    "id": "pixel_based_image",
    "locales": [
      "en",
      "es",
      "fr",
      "km",
      "pt",
      "tl",
    ],
    "schema": {
      "id": "dtpr_element",
      "name": "DTPR Element",
      "namespace": "https://dtpr.io/schemas/element/v0.2",
      "version": "0.2",
    },
    "variable_ids": [],
  },
  {
    "category_ids": [
      "ai__purpose",
      "device__purpose",
    ],
    "context_type_id": null,
    "id": "planning_decision_making",
    "locales": [
      "en",
      "es",
      "fr",
      "km",
      "pt",
      "tl",
    ],
    "schema": {
      "id": "dtpr_element",
      "name": "DTPR Element",
      "namespace": "https://dtpr.io/schemas/element/v0.2",
      "version": "0.2",
    },
    "variable_ids": [],
  },
  {
    "category_ids": [
      "device__tech",
    ],
    "context_type_id": null,
    "id": "radar",
    "locales": [
      "en",
      "es",
      "fr",
      "km",
      "pt",
      "tl",
    ],
    "schema": {
      "id": "dtpr_element",
      "name": "DTPR Element",
      "namespace": "https://dtpr.io/schemas/element/v0.2",
      "version": "0.2",
    },
    "variable_ids": [],
  },
  {
    "category_ids": [
      "device__process",
    ],
    "context_type_id": null,
    "id": "raw_data",
    "locales": [
      "en",
      "es",
      "fr",
      "km",
      "pt",
      "tl",
    ],
    "schema": {
      "id": "dtpr_element",
      "name": "DTPR Element",
      "namespace": "https://dtpr.io/schemas/element/v0.2",
      "version": "0.2",
    },
    "variable_ids": [],
  },
  {
    "category_ids": [
      "device__process",
    ],
    "context_type_id": null,
    "id": "rdua_approved",
    "locales": [
      "en",
      "es",
      "fr",
      "km",
      "pt",
      "tl",
    ],
    "schema": {
      "id": "dtpr_element",
      "name": "DTPR Element",
      "namespace": "https://dtpr.io/schemas/element/v0.2",
      "version": "0.2",
    },
    "variable_ids": [],
  },
  {
    "category_ids": [
      "device__process",
    ],
    "context_type_id": null,
    "id": "regulated",
    "locales": [
      "en",
      "es",
      "fr",
      "km",
      "pt",
      "tl",
    ],
    "schema": {
      "id": "dtpr_element",
      "name": "DTPR Element",
      "namespace": "https://dtpr.io/schemas/element/v0.2",
      "version": "0.2",
    },
    "variable_ids": [],
  },
  {
    "category_ids": [
      "ai__purpose",
      "device__purpose",
    ],
    "context_type_id": null,
    "id": "research_development",
    "locales": [
      "en",
      "es",
      "fr",
      "km",
      "pt",
      "tl",
    ],
    "schema": {
      "id": "dtpr_element",
      "name": "DTPR Element",
      "namespace": "https://dtpr.io/schemas/element/v0.2",
      "version": "0.2",
    },
    "variable_ids": [],
  },
  {
    "category_ids": [
      "device__process",
    ],
    "context_type_id": null,
    "id": "reviewed_internally",
    "locales": [
      "en",
      "es",
      "fr",
      "km",
      "pt",
      "tl",
    ],
    "schema": {
      "id": "dtpr_element",
      "name": "DTPR Element",
      "namespace": "https://dtpr.io/schemas/element/v0.2",
      "version": "0.2",
    },
    "variable_ids": [],
  },
  {
    "category_ids": [
      "device__tech",
    ],
    "context_type_id": null,
    "id": "rfid",
    "locales": [
      "en",
      "es",
      "fr",
      "km",
      "pt",
      "tl",
    ],
    "schema": {
      "id": "dtpr_element",
      "name": "DTPR Element",
      "namespace": "https://dtpr.io/schemas/element/v0.2",
      "version": "0.2",
    },
    "variable_ids": [],
  },
  {
    "category_ids": [
      "ai__purpose",
      "device__purpose",
    ],
    "context_type_id": null,
    "id": "safety_security",
    "locales": [
      "en",
      "es",
      "fr",
      "km",
      "pt",
      "tl",
    ],
    "schema": {
      "id": "dtpr_element",
      "name": "DTPR Element",
      "namespace": "https://dtpr.io/schemas/element/v0.2",
      "version": "0.2",
    },
    "variable_ids": [],
  },
  {
    "category_ids": [
      "device__process",
    ],
    "context_type_id": null,
    "id": "secure_multi_party_computing",
    "locales": [
      "en",
      "es",
      "fr",
      "km",
      "pt",
      "tl",
    ],
    "schema": {
      "id": "dtpr_element",
      "name": "DTPR Element",
      "namespace": "https://dtpr.io/schemas/element/v0.2",
      "version": "0.2",
    },
    "variable_ids": [],
  },
  {
    "category_ids": [
      "ai__storage",
      "device__storage",
    ],
    "context_type_id": null,
    "id": "shared_storage_and_governance",
    "locales": [
      "en",
      "es",
      "fr",
      "km",
      "pt",
      "tl",
    ],
    "schema": {
      "id": "dtpr_element",
      "name": "DTPR Element",
      "namespace": "https://dtpr.io/schemas/element/v0.2",
      "version": "0.2",
    },
    "variable_ids": [],
  },
  {
    "category_ids": [
      "ai__purpose",
      "device__purpose",
    ],
    "context_type_id": null,
    "id": "social",
    "locales": [
      "en",
      "es",
      "fr",
      "km",
      "pt",
      "tl",
    ],
    "schema": {
      "id": "dtpr_element",
      "name": "DTPR Element",
      "namespace": "https://dtpr.io/schemas/element/v0.2",
      "version": "0.2",
    },
    "variable_ids": [],
  },
  {
    "category_ids": [
      "device__tech",
    ],
    "context_type_id": null,
    "id": "soil_moisture_sensor",
    "locales": [
      "en",
      "es",
      "fr",
      "km",
      "pt",
      "tl",
    ],
    "schema": {
      "id": "dtpr_element",
      "name": "DTPR Element",
      "namespace": "https://dtpr.io/schemas/element/v0.2",
      "version": "0.2",
    },
    "variable_ids": [],
  },
  {
    "category_ids": [
      "device__tech",
    ],
    "context_type_id": null,
    "id": "sound_level_meter",
    "locales": [
      "en",
      "es",
      "fr",
      "km",
      "pt",
      "tl",
    ],
    "schema": {
      "id": "dtpr_element",
      "name": "DTPR Element",
      "namespace": "https://dtpr.io/schemas/element/v0.2",
      "version": "0.2",
    },
    "variable_ids": [],
  },
  {
    "category_ids": [
      "ai__input_dataset",
      "ai__output_dataset",
      "device__data",
    ],
    "context_type_id": null,
    "id": "spatial",
    "locales": [
      "en",
      "es",
      "fr",
      "km",
      "pt",
      "tl",
    ],
    "schema": {
      "id": "dtpr_element",
      "name": "DTPR Element",
      "namespace": "https://dtpr.io/schemas/element/v0.2",
      "version": "0.2",
    },
    "variable_ids": [],
  },
  {
    "category_ids": [
      "ai__storage",
      "device__storage",
    ],
    "context_type_id": null,
    "id": "stored_locally",
    "locales": [
      "en",
      "es",
      "fr",
      "km",
      "pt",
      "tl",
    ],
    "schema": {
      "id": "dtpr_element",
      "name": "DTPR Element",
      "namespace": "https://dtpr.io/schemas/element/v0.2",
      "version": "0.2",
    },
    "variable_ids": [],
  },
  {
    "category_ids": [
      "ai__storage",
      "device__storage",
    ],
    "context_type_id": null,
    "id": "stored_on_3rd_party_cloud",
    "locales": [
      "en",
      "es",
      "fr",
      "km",
      "pt",
      "tl",
    ],
    "schema": {
      "id": "dtpr_element",
      "name": "DTPR Element",
      "namespace": "https://dtpr.io/schemas/element/v0.2",
      "version": "0.2",
    },
    "variable_ids": [],
  },
  {
    "category_ids": [
      "ai__storage",
      "device__storage",
    ],
    "context_type_id": null,
    "id": "stored_primarily_internationally",
    "locales": [
      "en",
      "es",
      "fr",
      "km",
      "pt",
      "tl",
    ],
    "schema": {
      "id": "dtpr_element",
      "name": "DTPR Element",
      "namespace": "https://dtpr.io/schemas/element/v0.2",
      "version": "0.2",
    },
    "variable_ids": [],
  },
  {
    "category_ids": [
      "ai__storage",
      "device__storage",
    ],
    "context_type_id": null,
    "id": "stored_primarily_locally",
    "locales": [
      "en",
      "es",
      "fr",
      "km",
      "pt",
      "tl",
    ],
    "schema": {
      "id": "dtpr_element",
      "name": "DTPR Element",
      "namespace": "https://dtpr.io/schemas/element/v0.2",
      "version": "0.2",
    },
    "variable_ids": [],
  },
  {
    "category_ids": [
      "ai__purpose",
      "device__purpose",
    ],
    "context_type_id": null,
    "id": "switch",
    "locales": [
      "en",
      "es",
      "fr",
      "km",
      "pt",
      "tl",
    ],
    "schema": {
      "id": "dtpr_element",
      "name": "DTPR Element",
      "namespace": "https://dtpr.io/schemas/element/v0.2",
      "version": "0.2",
    },
    "variable_ids": [],
  },
  {
    "category_ids": [
      "device__tech",
    ],
    "context_type_id": null,
    "id": "system_screen",
    "locales": [
      "en",
      "es",
      "fr",
      "km",
      "pt",
      "tl",
    ],
    "schema": {
      "id": "dtpr_element",
      "name": "DTPR Element",
      "namespace": "https://dtpr.io/schemas/element/v0.2",
      "version": "0.2",
    },
    "variable_ids": [],
  },
  {
    "category_ids": [
      "ai__input_dataset",
      "ai__output_dataset",
      "device__data",
    ],
    "context_type_id": null,
    "id": "tabular",
    "locales": [
      "en",
      "es",
      "fr",
      "km",
      "pt",
      "tl",
    ],
    "schema": {
      "id": "dtpr_element",
      "name": "DTPR Element",
      "namespace": "https://dtpr.io/schemas/element/v0.2",
      "version": "0.2",
    },
    "variable_ids": [],
  },
  {
    "category_ids": [
      "device__tech",
    ],
    "context_type_id": null,
    "id": "thermometer",
    "locales": [
      "en",
      "es",
      "fr",
      "km",
      "pt",
      "tl",
    ],
    "schema": {
      "id": "dtpr_element",
      "name": "DTPR Element",
      "namespace": "https://dtpr.io/schemas/element/v0.2",
      "version": "0.2",
    },
    "variable_ids": [],
  },
  {
    "category_ids": [
      "device__process",
    ],
    "context_type_id": null,
    "id": "transport_layer_security",
    "locales": [
      "en",
      "es",
      "fr",
      "km",
      "pt",
      "tl",
    ],
    "schema": {
      "id": "dtpr_element",
      "name": "DTPR Element",
      "namespace": "https://dtpr.io/schemas/element/v0.2",
      "version": "0.2",
    },
    "variable_ids": [],
  },
  {
    "category_ids": [
      "device__process",
    ],
    "context_type_id": null,
    "id": "trusted_execution_environment",
    "locales": [
      "en",
      "es",
      "fr",
      "km",
      "pt",
      "tl",
    ],
    "schema": {
      "id": "dtpr_element",
      "name": "DTPR Element",
      "namespace": "https://dtpr.io/schemas/element/v0.2",
      "version": "0.2",
    },
    "variable_ids": [],
  },
  {
    "category_ids": [
      "device__tech",
    ],
    "context_type_id": null,
    "id": "ultrasonic_level_sensor",
    "locales": [
      "en",
      "es",
      "fr",
      "km",
      "pt",
      "tl",
    ],
    "schema": {
      "id": "dtpr_element",
      "name": "DTPR Element",
      "namespace": "https://dtpr.io/schemas/element/v0.2",
      "version": "0.2",
    },
    "variable_ids": [],
  },
  {
    "category_ids": [
      "device__tech",
    ],
    "context_type_id": null,
    "id": "unmanned_aircraft_system",
    "locales": [
      "en",
      "es",
      "fr",
      "km",
      "pt",
      "tl",
    ],
    "schema": {
      "id": "dtpr_element",
      "name": "DTPR Element",
      "namespace": "https://dtpr.io/schemas/element/v0.2",
      "version": "0.2",
    },
    "variable_ids": [],
  },
  {
    "category_ids": [
      "ai__input_dataset",
      "ai__output_dataset",
      "device__data",
    ],
    "context_type_id": null,
    "id": "values_time",
    "locales": [
      "en",
      "es",
      "fr",
      "km",
      "pt",
      "tl",
    ],
    "schema": {
      "id": "dtpr_element",
      "name": "DTPR Element",
      "namespace": "https://dtpr.io/schemas/element/v0.2",
      "version": "0.2",
    },
    "variable_ids": [],
  },
  {
    "category_ids": [
      "device__tech",
    ],
    "context_type_id": null,
    "id": "video_camera",
    "locales": [
      "en",
      "es",
      "fr",
      "km",
      "pt",
      "tl",
    ],
    "schema": {
      "id": "dtpr_element",
      "name": "DTPR Element",
      "namespace": "https://dtpr.io/schemas/element/v0.2",
      "version": "0.2",
    },
    "variable_ids": [],
  },
  {
    "category_ids": [
      "device__tech",
    ],
    "context_type_id": null,
    "id": "video_camera_infrared",
    "locales": [
      "en",
      "es",
      "fr",
      "km",
      "pt",
      "tl",
    ],
    "schema": {
      "id": "dtpr_element",
      "name": "DTPR Element",
      "namespace": "https://dtpr.io/schemas/element/v0.2",
      "version": "0.2",
    },
    "variable_ids": [],
  },
  {
    "category_ids": [
      "device__tech",
    ],
    "context_type_id": null,
    "id": "voice",
    "locales": [
      "en",
      "es",
      "fr",
      "km",
      "pt",
      "tl",
    ],
    "schema": {
      "id": "dtpr_element",
      "name": "DTPR Element",
      "namespace": "https://dtpr.io/schemas/element/v0.2",
      "version": "0.2",
    },
    "variable_ids": [],
  },
  {
    "category_ids": [
      "ai__purpose",
      "device__purpose",
    ],
    "context_type_id": null,
    "id": "waste_management",
    "locales": [
      "en",
      "es",
      "fr",
      "km",
      "pt",
      "tl",
    ],
    "schema": {
      "id": "dtpr_element",
      "name": "DTPR Element",
      "namespace": "https://dtpr.io/schemas/element/v0.2",
      "version": "0.2",
    },
    "variable_ids": [],
  },
  {
    "category_ids": [
      "ai__purpose",
      "device__purpose",
    ],
    "context_type_id": null,
    "id": "water_efficiency",
    "locales": [
      "en",
      "es",
      "fr",
      "km",
      "pt",
      "tl",
    ],
    "schema": {
      "id": "dtpr_element",
      "name": "DTPR Element",
      "namespace": "https://dtpr.io/schemas/element/v0.2",
      "version": "0.2",
    },
    "variable_ids": [],
  },
  {
    "category_ids": [
      "device__tech",
    ],
    "context_type_id": null,
    "id": "water_quality",
    "locales": [
      "en",
      "es",
      "fr",
      "km",
      "pt",
      "tl",
    ],
    "schema": {
      "id": "dtpr_element",
      "name": "DTPR Element",
      "namespace": "https://dtpr.io/schemas/element/v0.2",
      "version": "0.2",
    },
    "variable_ids": [],
  },
  {
    "category_ids": [
      "ai__purpose",
      "device__purpose",
    ],
    "context_type_id": null,
    "id": "wayfinding_services",
    "locales": [
      "en",
      "es",
      "fr",
      "km",
      "pt",
      "tl",
    ],
    "schema": {
      "id": "dtpr_element",
      "name": "DTPR Element",
      "namespace": "https://dtpr.io/schemas/element/v0.2",
      "version": "0.2",
    },
    "variable_ids": [],
  },
  {
    "category_ids": [
      "device__tech",
    ],
    "context_type_id": null,
    "id": "weather_station",
    "locales": [
      "en",
      "es",
      "fr",
      "km",
      "pt",
      "tl",
    ],
    "schema": {
      "id": "dtpr_element",
      "name": "DTPR Element",
      "namespace": "https://dtpr.io/schemas/element/v0.2",
      "version": "0.2",
    },
    "variable_ids": [],
  },
  {
    "category_ids": [
      "device__tech",
    ],
    "context_type_id": null,
    "id": "weighing_scale",
    "locales": [
      "en",
      "es",
      "fr",
      "km",
      "pt",
      "tl",
    ],
    "schema": {
      "id": "dtpr_element",
      "name": "DTPR Element",
      "namespace": "https://dtpr.io/schemas/element/v0.2",
      "version": "0.2",
    },
    "variable_ids": [],
  },
  {
    "category_ids": [
      "device__tech",
    ],
    "context_type_id": null,
    "id": "wireless_access_point",
    "locales": [
      "en",
      "es",
      "fr",
      "km",
      "pt",
      "tl",
    ],
    "schema": {
      "id": "dtpr_element",
      "name": "DTPR Element",
      "namespace": "https://dtpr.io/schemas/element/v0.2",
      "version": "0.2",
    },
    "variable_ids": [],
  },
  {
    "category_ids": [
      "device__tech",
    ],
    "context_type_id": null,
    "id": "wireless_charging_roadway",
    "locales": [
      "en",
      "es",
      "fr",
      "km",
      "pt",
      "tl",
    ],
    "schema": {
      "id": "dtpr_element",
      "name": "DTPR Element",
      "namespace": "https://dtpr.io/schemas/element/v0.2",
      "version": "0.2",
    },
    "variable_ids": [],
  },
  {
    "category_ids": [
      "device__process",
    ],
    "context_type_id": null,
    "id": "zero_knowledge_proofs",
    "locales": [
      "en",
      "es",
      "fr",
      "km",
      "pt",
      "tl",
    ],
    "schema": {
      "id": "dtpr_element",
      "name": "DTPR Element",
      "namespace": "https://dtpr.io/schemas/element/v0.2",
      "version": "0.2",
    },
    "variable_ids": [],
  },
]
`;
